<html>
<body>
<pre>
<h1>µVision Build Log</h1>
<h2>Tool Versions:</h2>
IDE-Version: µVision V5.24.2.0
Copyright (C) 2017 ARM Ltd and ARM Germany GmbH. All rights reserved.
License Information: ABC HAHA, ABC, LIC=X1ETG-VUHFR-C0PN2-9G7UQ-1EVBG-HDH7L
 
Tool Versions:
Toolchain:       MDK-ARM Professional  Version: 5.24.1
Toolchain Path:  D:\SETUP\DIENTU\KEIC V5\ARM\ARMCC\Bin
C Compiler:      Armcc.exe V5.06 update 5 (build 528)
Assembler:       Armasm.exe V5.06 update 5 (build 528)
Linker/Locator:  ArmLink.exe V5.06 update 5 (build 528)
Library Manager: ArmAr.exe V5.06 update 5 (build 528)
Hex Converter:   FromElf.exe V5.06 update 5 (build 528)
CPU DLL:         SARMCM3.DLL V5.24.1
Dialog DLL:      DCM.DLL V1.16.0.0
Target DLL:      STLink\ST-LINKIII-KEIL_SWO.dll V3.0.1.0
Dialog DLL:      TCM.DLL V1.32.0.0
 
<h2>Project:</h2>
C:\Users\Tinh HKVT19\Desktop\Tai Lieu Hoc Nhung\CODE_TEST\7_test\test\Blinkled_Direct_Register\MDK-ARM\test.uvprojx
Project File Date:  06/11/2018

<h2>Output:</h2>
*** Using Compiler 'V5.06 update 5 (build 528)', folder: 'D:\SETUP\DIENTU\KEIC V5\ARM\ARMCC\Bin'
Build target 'test'
compiling main.c...
..\Src\main.c(111): warning:  #61-D: integer operation result is out of range
  				  
PIOA -> BSRR |= (( 1 << 29) | ( 1 << 30) | (1 << 31));
..\Src\main.c(179): warning:  #177-D: function "MX_GPIO_Init"  was declared but never referenced
  static void MX_GPIO_Init(void)
..\Src\main.c: 2 warnings, 0 errors
linking...
Program Size: Code=2836 RO-data=488 RW-data=8 ZI-data=1024  
FromELF: creating hex file...
"test\test.axf" - 0 Error(s), 2 Warning(s).

<h2>Software Packages used:</h2>

Package Vendor: ARM
                http://www.keil.com/pack/ARM.CMSIS.5.3.0.pack
                ARM.CMSIS.5.3.0
                CMSIS (Cortex Microcontroller Software Interface Standard)
   * Component: CORE Version: 5.1.1

Package Vendor: Keil
                http://www.keil.com/pack/Keil.STM32L4xx_DFP.2.0.0.pack
                Keil.STM32L4xx_DFP.2.0.0
                STMicroelectronics STM32L4 Series Device Support, Drivers and Examples

<h2>Collection of Component include folders:</h2>
  .\RTE\_test
  D:\SETUP\DATA\KEIC V5\ARM\CMSIS\5.3.0\CMSIS\Include
  D:\SETUP\DATA\KEIC V5\Keil\STM32L4xx_DFP\2.0.0\Drivers\CMSIS\Device\ST\STM32L4xx\Include

<h2>Collection of Component Files used:</h2>

   * Component: ARM::CMSIS:CORE:5.1.1
Build Time Elapsed:  00:00:07
</pre>
</body>
</html>
